Creating test database for alias 'default'...
Found 5 test(s).
System check identified no issues (0 silenced).
EEE..
======================================================================
ERROR: test_consumption_export (tests.test_pdf_wrapping.PdfDirectViewTest)
----------------------------------------------------------------------
Traceback (most recent call last):
  File "/home/cabralipe/.local/lib/python3.10/site-packages/django/db/backends/utils.py", line 105, in _execute
    return self.cursor.execute(sql, params)
  File "/home/cabralipe/.local/lib/python3.10/site-packages/django/db/backends/sqlite3/base.py", line 354, in execute
    return super().execute(query, params)
sqlite3.IntegrityError: NOT NULL constraint failed: inventory_stockmovement.created_by_id

The above exception was the direct cause of the following exception:

Traceback (most recent call last):
  File "/mnt/c/Users/Felipe Cabral/openeats/backend/tests/test_pdf_wrapping.py", line 71, in setUp
    StockMovement.objects.create(
  File "/home/cabralipe/.local/lib/python3.10/site-packages/django/db/models/manager.py", line 87, in manager_method
    return getattr(self.get_queryset(), name)(*args, **kwargs)
  File "/home/cabralipe/.local/lib/python3.10/site-packages/django/db/models/query.py", line 679, in create
    obj.save(force_insert=True, using=self.db)
  File "/home/cabralipe/.local/lib/python3.10/site-packages/django/db/models/base.py", line 892, in save
    self.save_base(
  File "/home/cabralipe/.local/lib/python3.10/site-packages/django/db/models/base.py", line 998, in save_base
    updated = self._save_table(
  File "/home/cabralipe/.local/lib/python3.10/site-packages/django/db/models/base.py", line 1161, in _save_table
    results = self._do_insert(
  File "/home/cabralipe/.local/lib/python3.10/site-packages/django/db/models/base.py", line 1202, in _do_insert
    return manager._insert(
  File "/home/cabralipe/.local/lib/python3.10/site-packages/django/db/models/manager.py", line 87, in manager_method
    return getattr(self.get_queryset(), name)(*args, **kwargs)
  File "/home/cabralipe/.local/lib/python3.10/site-packages/django/db/models/query.py", line 1847, in _insert
    return query.get_compiler(using=using).execute_sql(returning_fields)
  File "/home/cabralipe/.local/lib/python3.10/site-packages/django/db/models/sql/compiler.py", line 1836, in execute_sql
    cursor.execute(sql, params)
  File "/home/cabralipe/.local/lib/python3.10/site-packages/django/db/backends/utils.py", line 79, in execute
    return self._execute_with_wrappers(
  File "/home/cabralipe/.local/lib/python3.10/site-packages/django/db/backends/utils.py", line 92, in _execute_with_wrappers
    return executor(sql, params, many, context)
  File "/home/cabralipe/.local/lib/python3.10/site-packages/django/db/backends/utils.py", line 100, in _execute
    with self.db.wrap_database_errors:
  File "/home/cabralipe/.local/lib/python3.10/site-packages/django/db/utils.py", line 91, in __exit__
    raise dj_exc_value.with_traceback(traceback) from exc_value
  File "/home/cabralipe/.local/lib/python3.10/site-packages/django/db/backends/utils.py", line 105, in _execute
    return self.cursor.execute(sql, params)
  File "/home/cabralipe/.local/lib/python3.10/site-packages/django/db/backends/sqlite3/base.py", line 354, in execute
    return super().execute(query, params)
django.db.utils.IntegrityError: NOT NULL constraint failed: inventory_stockmovement.created_by_id

======================================================================
ERROR: test_delivery_export (tests.test_pdf_wrapping.PdfDirectViewTest)
----------------------------------------------------------------------
Traceback (most recent call last):
  File "/home/cabralipe/.local/lib/python3.10/site-packages/django/db/backends/utils.py", line 105, in _execute
    return self.cursor.execute(sql, params)
  File "/home/cabralipe/.local/lib/python3.10/site-packages/django/db/backends/sqlite3/base.py", line 354, in execute
    return super().execute(query, params)
sqlite3.IntegrityError: NOT NULL constraint failed: inventory_stockmovement.created_by_id

The above exception was the direct cause of the following exception:

Traceback (most recent call last):
  File "/mnt/c/Users/Felipe Cabral/openeats/backend/tests/test_pdf_wrapping.py", line 71, in setUp
    StockMovement.objects.create(
  File "/home/cabralipe/.local/lib/python3.10/site-packages/django/db/models/manager.py", line 87, in manager_method
    return getattr(self.get_queryset(), name)(*args, **kwargs)
  File "/home/cabralipe/.local/lib/python3.10/site-packages/django/db/models/query.py", line 679, in create
    obj.save(force_insert=True, using=self.db)
  File "/home/cabralipe/.local/lib/python3.10/site-packages/django/db/models/base.py", line 892, in save
    self.save_base(
  File "/home/cabralipe/.local/lib/python3.10/site-packages/django/db/models/base.py", line 998, in save_base
    updated = self._save_table(
  File "/home/cabralipe/.local/lib/python3.10/site-packages/django/db/models/base.py", line 1161, in _save_table
    results = self._do_insert(
  File "/home/cabralipe/.local/lib/python3.10/site-packages/django/db/models/base.py", line 1202, in _do_insert
    return manager._insert(
  File "/home/cabralipe/.local/lib/python3.10/site-packages/django/db/models/manager.py", line 87, in manager_method
    return getattr(self.get_queryset(), name)(*args, **kwargs)
  File "/home/cabralipe/.local/lib/python3.10/site-packages/django/db/models/query.py", line 1847, in _insert
    return query.get_compiler(using=using).execute_sql(returning_fields)
  File "/home/cabralipe/.local/lib/python3.10/site-packages/django/db/models/sql/compiler.py", line 1836, in execute_sql
    cursor.execute(sql, params)
  File "/home/cabralipe/.local/lib/python3.10/site-packages/django/db/backends/utils.py", line 79, in execute
    return self._execute_with_wrappers(
  File "/home/cabralipe/.local/lib/python3.10/site-packages/django/db/backends/utils.py", line 92, in _execute_with_wrappers
    return executor(sql, params, many, context)
  File "/home/cabralipe/.local/lib/python3.10/site-packages/django/db/backends/utils.py", line 100, in _execute
    with self.db.wrap_database_errors:
  File "/home/cabralipe/.local/lib/python3.10/site-packages/django/db/utils.py", line 91, in __exit__
    raise dj_exc_value.with_traceback(traceback) from exc_value
  File "/home/cabralipe/.local/lib/python3.10/site-packages/django/db/backends/utils.py", line 105, in _execute
    return self.cursor.execute(sql, params)
  File "/home/cabralipe/.local/lib/python3.10/site-packages/django/db/backends/sqlite3/base.py", line 354, in execute
    return super().execute(query, params)
django.db.utils.IntegrityError: NOT NULL constraint failed: inventory_stockmovement.created_by_id

======================================================================
ERROR: test_stock_export (tests.test_pdf_wrapping.PdfDirectViewTest)
----------------------------------------------------------------------
Traceback (most recent call last):
  File "/home/cabralipe/.local/lib/python3.10/site-packages/django/db/backends/utils.py", line 105, in _execute
    return self.cursor.execute(sql, params)
  File "/home/cabralipe/.local/lib/python3.10/site-packages/django/db/backends/sqlite3/base.py", line 354, in execute
    return super().execute(query, params)
sqlite3.IntegrityError: NOT NULL constraint failed: inventory_stockmovement.created_by_id

The above exception was the direct cause of the following exception:

Traceback (most recent call last):
  File "/mnt/c/Users/Felipe Cabral/openeats/backend/tests/test_pdf_wrapping.py", line 71, in setUp
    StockMovement.objects.create(
  File "/home/cabralipe/.local/lib/python3.10/site-packages/django/db/models/manager.py", line 87, in manager_method
    return getattr(self.get_queryset(), name)(*args, **kwargs)
  File "/home/cabralipe/.local/lib/python3.10/site-packages/django/db/models/query.py", line 679, in create
    obj.save(force_insert=True, using=self.db)
  File "/home/cabralipe/.local/lib/python3.10/site-packages/django/db/models/base.py", line 892, in save
    self.save_base(
  File "/home/cabralipe/.local/lib/python3.10/site-packages/django/db/models/base.py", line 998, in save_base
    updated = self._save_table(
  File "/home/cabralipe/.local/lib/python3.10/site-packages/django/db/models/base.py", line 1161, in _save_table
    results = self._do_insert(
  File "/home/cabralipe/.local/lib/python3.10/site-packages/django/db/models/base.py", line 1202, in _do_insert
    return manager._insert(
  File "/home/cabralipe/.local/lib/python3.10/site-packages/django/db/models/manager.py", line 87, in manager_method
    return getattr(self.get_queryset(), name)(*args, **kwargs)
  File "/home/cabralipe/.local/lib/python3.10/site-packages/django/db/models/query.py", line 1847, in _insert
    return query.get_compiler(using=using).execute_sql(returning_fields)
  File "/home/cabralipe/.local/lib/python3.10/site-packages/django/db/models/sql/compiler.py", line 1836, in execute_sql
    cursor.execute(sql, params)
  File "/home/cabralipe/.local/lib/python3.10/site-packages/django/db/backends/utils.py", line 79, in execute
    return self._execute_with_wrappers(
  File "/home/cabralipe/.local/lib/python3.10/site-packages/django/db/backends/utils.py", line 92, in _execute_with_wrappers
    return executor(sql, params, many, context)
  File "/home/cabralipe/.local/lib/python3.10/site-packages/django/db/backends/utils.py", line 100, in _execute
    with self.db.wrap_database_errors:
  File "/home/cabralipe/.local/lib/python3.10/site-packages/django/db/utils.py", line 91, in __exit__
    raise dj_exc_value.with_traceback(traceback) from exc_value
  File "/home/cabralipe/.local/lib/python3.10/site-packages/django/db/backends/utils.py", line 105, in _execute
    return self.cursor.execute(sql, params)
  File "/home/cabralipe/.local/lib/python3.10/site-packages/django/db/backends/sqlite3/base.py", line 354, in execute
    return super().execute(query, params)
django.db.utils.IntegrityError: NOT NULL constraint failed: inventory_stockmovement.created_by_id

----------------------------------------------------------------------
Ran 5 tests in 17.541s

FAILED (errors=3)
Destroying test database for alias 'default'...
